▒▒▒▒ִ▒▒...
2020-10-28T17:31:39.980+0800: [GC (Allocation Failure) 2020-10-28T17:31:39.981+0800: [ParNew: 139776K->17470K(157248K), 0.0159030 secs] 139776K->47508K(506816K), 0.0159941 secs] [Times: user=0.06 sys=0.02, real=0.02 secs]
2020-10-28T17:31:40.027+0800: [GC (Allocation Failure) 2020-10-28T17:31:40.027+0800: [ParNew: 156800K->17471K(157248K), 0.0239109 secs] 186838K->91986K(506816K), 0.0239681 secs] [Times: user=0.13 sys=0.06, real=0.02 secs]
2020-10-28T17:31:40.083+0800: [GC (Allocation Failure) 2020-10-28T17:31:40.083+0800: [ParNew: 157247K->17472K(157248K), 0.0336901 secs] 231762K->136138K(506816K), 0.0337622 secs] [Times: user=0.16 sys=0.05, real=0.03 secs]
2020-10-28T17:31:40.156+0800: [GC (Allocation Failure) 2020-10-28T17:31:40.156+0800: [ParNew: 156745K->17472K(157248K), 0.0336585 secs] 275412K->180293K(506816K), 0.0337275 secs] [Times: user=0.19 sys=0.00, real=0.03 secs]
2020-10-28T17:31:40.220+0800: [GC (Allocation Failure) 2020-10-28T17:31:40.220+0800: [ParNew: 157248K->17471K(157248K), 0.0338886 secs] 320069K->223591K(506816K), 0.0340007 secs] [Times: user=0.19 sys=0.03, real=0.03 secs]
2020-10-28T17:31:40.256+0800: [GC (CMS Initial Mark) [1 CMS-initial-mark: 206119K(349568K)] 226921K(506816K), 0.0007614 secs] [Times: user=0.00 sys=0.00, real=0.00 secs]
2020-10-28T17:31:40.257+0800: [CMS-concurrent-mark-start]
2020-10-28T17:31:40.260+0800: [CMS-concurrent-mark: 0.003/0.003 secs] [Times: user=0.00 sys=0.00, real=0.00 secs]
2020-10-28T17:31:40.260+0800: [CMS-concurrent-preclean-start]
2020-10-28T17:31:40.262+0800: [CMS-concurrent-preclean: 0.001/0.001 secs] [Times: user=0.00 sys=0.00, real=0.00 secs]
2020-10-28T17:31:40.262+0800: [CMS-concurrent-abortable-preclean-start]
2020-10-28T17:31:40.290+0800: [GC (Allocation Failure) 2020-10-28T17:31:40.290+0800: [ParNew2020-10-28T17:31:40.362+0800: [CMS-concurrent-abortable-preclean: 0.000/0.101 secs] [Times: user=0.50 sys=0.11, real=0.10 secs]
: 157247K->17470K(157248K), 0.1277764 secs] 363367K->268153K(506816K), 0.1282105 secs] [Times: user=0.75 sys=0.16, real=0.13 secs]
2020-10-28T17:31:40.421+0800: [GC (CMS Final Remark) [YG occupancy: 20304 K (157248 K)]2020-10-28T17:31:40.421+0800: [Rescan (parallel) , 0.0074111 secs]2020-10-28T17:31:40.428+0800: [weak refs processing, 0.0000441 secs]2020-10-28T17:31:40.429+0800: [class unloading, 0.0057641 secs]2020-10-28T17:31:40.435+0800: [scrub symbol table, 0.0030192 secs]2020-10-28T17:31:40.438+0800: [scrub string table, 0.0008688 secs][1 CMS-remark: 250682K(349568K)] 270987K(506816K), 0.0195821 secs] [Times: user=0.08 sys=0.05, real=0.02 secs]
2020-10-28T17:31:40.440+0800: [CMS-concurrent-sweep-start]
2020-10-28T17:31:40.446+0800: [CMS-concurrent-sweep: 0.005/0.005 secs] [Times: user=0.00 sys=0.00, real=0.01 secs]
2020-10-28T17:31:40.448+0800: [CMS-concurrent-reset-start]
2020-10-28T17:31:40.461+0800: [CMS-concurrent-reset: 0.012/0.012 secs] [Times: user=0.02 sys=0.02, real=0.01 secs]
2020-10-28T17:31:40.518+0800: [GC (Allocation Failure) 2020-10-28T17:31:40.518+0800: [ParNew: 157140K->17471K(157248K), 0.0580362 secs] 367505K->273546K(506816K), 0.0581829 secs] [Times: user=0.23 sys=0.06, real=0.06 secs]
2020-10-28T17:31:40.577+0800: [GC (CMS Initial Mark) [1 CMS-initial-mark: 256074K(349568K)] 273928K(506816K), 0.0005078 secs] [Times: user=0.00 sys=0.00, real=0.00 secs]
2020-10-28T17:31:40.578+0800: [CMS-concurrent-mark-start]
2020-10-28T17:31:40.580+0800: [CMS-concurrent-mark: 0.002/0.002 secs] [Times: user=0.00 sys=0.00, real=0.00 secs]
2020-10-28T17:31:40.580+0800: [CMS-concurrent-preclean-start]
2020-10-28T17:31:40.580+0800: [CMS-concurrent-preclean: 0.000/0.000 secs] [Times: user=0.00 sys=0.00, real=0.00 secs]
2020-10-28T17:31:40.580+0800: [CMS-concurrent-abortable-preclean-start]
2020-10-28T17:31:40.618+0800: [GC (Allocation Failure) 2020-10-28T17:31:40.618+0800: [ParNew: 157247K->17469K(157248K), 0.0300299 secs] 413322K->311876K(506816K), 0.0301288 secs] [Times: user=0.16 sys=0.00, real=0.03 secs]
2020-10-28T17:31:40.696+0800: [GC (Allocation Failure) 2020-10-28T17:31:40.696+0800: [ParNew2020-10-28T17:31:40.751+0800: [CMS-concurrent-abortable-preclean: 0.003/0.171 secs] [Times: user=0.34 sys=0.08, real=0.17 secs]
: 157245K->17470K(157248K), 0.0641131 secs] 451652K->354418K(506816K), 0.0641818 secs] [Times: user=0.17 sys=0.08, real=0.06 secs]
2020-10-28T17:31:40.761+0800: [GC (CMS Final Remark) [YG occupancy: 18173 K (157248 K)]2020-10-28T17:31:40.761+0800: [Rescan (parallel) , 0.0004811 secs]2020-10-28T17:31:40.761+0800: [weak refs processing, 0.0000148 secs]2020-10-28T17:31:40.761+0800: [class unloading, 0.0127758 secs]2020-10-28T17:31:40.774+0800: [scrub symbol table, 0.0008793 secs]2020-10-28T17:31:40.775+0800: [scrub string table, 0.0001416 secs][1 CMS-remark: 336948K(349568K)] 355121K(506816K), 0.0144267 secs] [Times: user=0.00 sys=0.01, real=0.01 secs]
2020-10-28T17:31:40.775+0800: [CMS-concurrent-sweep-start]
2020-10-28T17:31:40.777+0800: [CMS-concurrent-sweep: 0.002/0.002 secs] [Times: user=0.00 sys=0.00, real=0.00 secs]
2020-10-28T17:31:40.777+0800: [CMS-concurrent-reset-start]
2020-10-28T17:31:40.779+0800: [CMS-concurrent-reset: 0.002/0.002 secs] [Times: user=0.00 sys=0.00, real=0.00 secs]
2020-10-28T17:31:40.814+0800: [GC (Allocation Failure) 2020-10-28T17:31:40.814+0800: [ParNew: 157246K->17471K(157248K), 0.0221414 secs] 452249K->358283K(506816K), 0.0222083 secs] [Times: user=0.20 sys=0.02, real=0.02 secs]
2020-10-28T17:31:40.837+0800: [GC (CMS Initial Mark) [1 CMS-initial-mark: 340811K(349568K)] 358562K(506816K), 0.0002738 secs] [Times: user=0.00 sys=0.00, real=0.00 secs]
2020-10-28T17:31:40.837+0800: [CMS-concurrent-mark-start]
2020-10-28T17:31:40.841+0800: [CMS-concurrent-mark: 0.004/0.004 secs] [Times: user=0.00 sys=0.00, real=0.00 secs]
2020-10-28T17:31:40.841+0800: [CMS-concurrent-preclean-start]
2020-10-28T17:31:40.842+0800: [CMS-concurrent-preclean: 0.001/0.001 secs] [Times: user=0.00 sys=0.00, real=0.00 secs]
2020-10-28T17:31:40.842+0800: [CMS-concurrent-abortable-preclean-start]
2020-10-28T17:31:40.842+0800: [CMS-concurrent-abortable-preclean: 0.000/0.000 secs] [Times: user=0.00 sys=0.00, real=0.00 secs]
2020-10-28T17:31:40.843+0800: [GC (CMS Final Remark) [YG occupancy: 38107 K (157248 K)]2020-10-28T17:31:40.843+0800: [Rescan (parallel) , 0.0004979 secs]2020-10-28T17:31:40.843+0800: [weak refs processing, 0.0000201 secs]2020-10-28T17:31:40.843+0800: [class unloading, 0.0003391 secs]2020-10-28T17:31:40.844+0800: [scrub symbol table, 0.0004871 secs]2020-10-28T17:31:40.844+0800: [scrub string table, 0.0000902 secs][1 CMS-remark: 340811K(349568K)] 378919K(506816K), 0.0014942 secs] [Times: user=0.00 sys=0.00, real=0.00 secs]
2020-10-28T17:31:40.844+0800: [CMS-concurrent-sweep-start]
2020-10-28T17:31:40.846+0800: [CMS-concurrent-sweep: 0.001/0.001 secs] [Times: user=0.00 sys=0.00, real=0.00 secs]
2020-10-28T17:31:40.846+0800: [CMS-concurrent-reset-start]
2020-10-28T17:31:40.846+0800: [CMS-concurrent-reset: 0.001/0.001 secs] [Times: user=0.00 sys=0.00, real=0.00 secs]
2020-10-28T17:31:40.875+0800: [GC (Allocation Failure) 2020-10-28T17:31:40.875+0800: [ParNew: 157247K->17470K(157248K), 0.0224713 secs] 417415K->322845K(506816K), 0.0225270 secs] [Times: user=0.20 sys=0.00, real=0.02 secs]
2020-10-28T17:31:40.898+0800: [GC (CMS Initial Mark) [1 CMS-initial-mark: 305375K(349568K)] 323133K(506816K), 0.0001388 secs] [Times: user=0.00 sys=0.00, real=0.00 secs]
2020-10-28T17:31:40.898+0800: [CMS-concurrent-mark-start]
2020-10-28T17:31:40.901+0800: [CMS-concurrent-mark: 0.003/0.003 secs] [Times: user=0.00 sys=0.00, real=0.00 secs]
2020-10-28T17:31:40.901+0800: [CMS-concurrent-preclean-start]
2020-10-28T17:31:40.902+0800: [CMS-concurrent-preclean: 0.001/0.001 secs] [Times: user=0.00 sys=0.00, real=0.00 secs]
2020-10-28T17:31:40.902+0800: [CMS-concurrent-abortable-preclean-start]
▒н▒▒▒▒▒▒▒▒▒▒ɶ▒▒▒▒▒▒:5791
Heap
 par new generation   total 157248K, used 41577K [0x00000000e0000000, 0x00000000eaaa0000, 0x00000000eaaa0000)
  eden space 139776K,  17% used [0x00000000e0000000, 0x00000000e178ab80, 0x00000000e8880000)
  from space 17472K,  99% used [0x00000000e9990000, 0x00000000eaa9f8d8, 0x00000000eaaa0000)
  to   space 17472K,   0% used [0x00000000e8880000, 0x00000000e8880000, 0x00000000e9990000)
 concurrent mark-sweep generation total 349568K, used 305375K [0x00000000eaaa0000, 0x0000000100000000, 0x0000000100000000)
 Metaspace       used 2686K, capacity 4486K, committed 4864K, reserved 1056768K
  class space    used 289K, capacity 386K, committed 512K, reserved 1048576K
end
▒▒▒▒ִ▒▒...
2020-10-28T17:32:00.464+0800: [GC (Allocation Failure) 2020-10-28T17:32:00.464+0800: [ParNew: 139568K->17471K(157248K), 0.0177236 secs] 139568K->55042K(506816K), 0.0178051 secs] [Times: user=0.08 sys=0.03, real=0.02 secs]
2020-10-28T17:32:00.515+0800: [GC (Allocation Failure) 2020-10-28T17:32:00.515+0800: [ParNew: 157247K->17472K(157248K), 0.0190543 secs] 194818K->97769K(506816K), 0.0191508 secs] [Times: user=0.14 sys=0.05, real=0.02 secs]
2020-10-28T17:32:00.564+0800: [GC (Allocation Failure) 2020-10-28T17:32:00.564+0800: [ParNew: 157248K->17470K(157248K), 0.0297259 secs] 237545K->143191K(506816K), 0.0297942 secs] [Times: user=0.22 sys=0.02, real=0.03 secs]
2020-10-28T17:32:00.625+0800: [GC (Allocation Failure) 2020-10-28T17:32:00.625+0800: [ParNew: 157211K->17471K(157248K), 0.0245261 secs] 282932K->181590K(506816K), 0.0245685 secs] [Times: user=0.17 sys=0.06, real=0.03 secs]
2020-10-28T17:32:00.683+0800: [GC (Allocation Failure) 2020-10-28T17:32:00.683+0800: [ParNew: 157247K->17471K(157248K), 0.0286039 secs] 321366K->226335K(506816K), 0.0286517 secs] [Times: user=0.17 sys=0.03, real=0.03 secs]
2020-10-28T17:32:00.711+0800: [GC (CMS Initial Mark) [1 CMS-initial-mark: 208863K(349568K)] 227094K(506816K), 0.0001668 secs] [Times: user=0.00 sys=0.00, real=0.00 secs]
2020-10-28T17:32:00.711+0800: [CMS-concurrent-mark-start]
2020-10-28T17:32:00.713+0800: [CMS-concurrent-mark: 0.002/0.002 secs] [Times: user=0.00 sys=0.00, real=0.00 secs]
2020-10-28T17:32:00.713+0800: [CMS-concurrent-preclean-start]
2020-10-28T17:32:00.714+0800: [CMS-concurrent-preclean: 0.001/0.001 secs] [Times: user=0.00 sys=0.00, real=0.00 secs]
2020-10-28T17:32:00.714+0800: [CMS-concurrent-abortable-preclean-start]
2020-10-28T17:32:00.741+0800: [GC (Allocation Failure) 2020-10-28T17:32:00.741+0800: [ParNew: 156773K->17471K(157248K), 0.0280780 secs] 365637K->272797K(506816K), 0.0281230 secs] [Times: user=0.20 sys=0.03, real=0.03 secs]
2020-10-28T17:32:00.798+0800: [GC (Allocation Failure) 2020-10-28T17:32:00.798+0800: [ParNew: 157247K->17470K(157248K), 0.0312272 secs] 412573K->317822K(506816K), 0.0313015 secs] [Times: user=0.23 sys=0.00, real=0.03 secs]
2020-10-28T17:32:00.867+0800: [GC (Allocation Failure) 2020-10-28T17:32:00.867+0800: [ParNew: 157246K->17470K(157248K), 0.0377146 secs] 457598K->362643K(506816K), 0.0377663 secs] [Times: user=0.19 sys=0.00, real=0.04 secs]
2020-10-28T17:32:00.904+0800: [CMS-concurrent-abortable-preclean: 0.003/0.191 secs] [Times: user=0.75 sys=0.03, real=0.19 secs]
2020-10-28T17:32:00.905+0800: [GC (CMS Final Remark) [YG occupancy: 17907 K (157248 K)]2020-10-28T17:32:00.905+0800: [Rescan (parallel) , 0.0003402 secs]2020-10-28T17:32:00.906+0800: [weak refs processing, 0.0000128 secs]2020-10-28T17:32:00.906+0800: [class unloading, 0.0003408 secs]2020-10-28T17:32:00.906+0800: [scrub symbol table, 0.0003812 secs]2020-10-28T17:32:00.906+0800: [scrub string table, 0.0000762 secs][1 CMS-remark: 345172K(349568K)] 363080K(506816K), 0.0012114 secs] [Times: user=0.00 sys=0.00, real=0.00 secs]
2020-10-28T17:32:00.906+0800: [CMS-concurrent-sweep-start]
2020-10-28T17:32:00.907+0800: [CMS-concurrent-sweep: 0.001/0.001 secs] [Times: user=0.00 sys=0.00, real=0.00 secs]
2020-10-28T17:32:00.907+0800: [CMS-concurrent-reset-start]
2020-10-28T17:32:00.908+0800: [CMS-concurrent-reset: 0.001/0.001 secs] [Times: user=0.00 sys=0.00, real=0.00 secs]
2020-10-28T17:32:00.933+0800: [GC (Allocation Failure) 2020-10-28T17:32:00.933+0800: [ParNew (promotion failed): 157246K->157246K(157248K), 0.0176852 secs]2020-10-28T17:32:00.951+0800: [CMS: 347047K->268767K(349568K), 0.0684675 secs] 459172K->268767K(506816K), [Metaspace: 2679K->2679K(1056768K)], 0.0862590 secs] [Times: user=0.14 sys=0.03, real=0.09 secs]
2020-10-28T17:32:01.019+0800: [GC (CMS Initial Mark) [1 CMS-initial-mark: 268767K(349568K)] 268839K(506816K), 0.0002025 secs] [Times: user=0.00 sys=0.00, real=0.00 secs]
2020-10-28T17:32:01.020+0800: [CMS-concurrent-mark-start]
2020-10-28T17:32:01.022+0800: [CMS-concurrent-mark: 0.002/0.002 secs] [Times: user=0.00 sys=0.00, real=0.00 secs]
2020-10-28T17:32:01.022+0800: [CMS-concurrent-preclean-start]
2020-10-28T17:32:01.023+0800: [CMS-concurrent-preclean: 0.001/0.001 secs] [Times: user=0.00 sys=0.00, real=0.00 secs]
2020-10-28T17:32:01.023+0800: [CMS-concurrent-abortable-preclean-start]
2020-10-28T17:32:01.047+0800: [GC (Allocation Failure) 2020-10-28T17:32:01.047+0800: [ParNew: 139535K->17468K(157248K), 0.0135649 secs] 408302K->316397K(506816K), 0.0136233 secs] [Times: user=0.11 sys=0.00, real=0.01 secs]
2020-10-28T17:32:01.091+0800: [GC (Allocation Failure) 2020-10-28T17:32:01.091+0800: [ParNew: 157244K->17470K(157248K), 0.0179699 secs] 456173K->357828K(506816K), 0.0180165 secs] [Times: user=0.09 sys=0.00, real=0.02 secs]
2020-10-28T17:32:01.109+0800: [CMS-concurrent-abortable-preclean: 0.001/0.086 secs] [Times: user=0.25 sys=0.00, real=0.09 secs]
2020-10-28T17:32:01.109+0800: [GC (CMS Final Remark) [YG occupancy: 20320 K (157248 K)]2020-10-28T17:32:01.109+0800: [Rescan (parallel) , 0.0002546 secs]2020-10-28T17:32:01.110+0800: [weak refs processing, 0.0000105 secs]2020-10-28T17:32:01.110+0800: [class unloading, 0.0002764 secs]2020-10-28T17:32:01.110+0800: [scrub symbol table, 0.0004325 secs]2020-10-28T17:32:01.110+0800: [scrub string table, 0.0000968 secs][1 CMS-remark: 340357K(349568K)] 360677K(506816K), 0.0011285 secs] [Times: user=0.00 sys=0.00, real=0.00 secs]
2020-10-28T17:32:01.111+0800: [CMS-concurrent-sweep-start]
2020-10-28T17:32:01.111+0800: [CMS-concurrent-sweep: 0.001/0.001 secs] [Times: user=0.00 sys=0.00, real=0.00 secs]
2020-10-28T17:32:01.111+0800: [CMS-concurrent-reset-start]
2020-10-28T17:32:01.112+0800: [CMS-concurrent-reset: 0.001/0.001 secs] [Times: user=0.03 sys=0.00, real=0.00 secs]
2020-10-28T17:32:01.140+0800: [GC (Allocation Failure) 2020-10-28T17:32:01.140+0800: [ParNew: 157246K->157246K(157248K), 0.0000367 secs]2020-10-28T17:32:01.140+0800: [CMS: 340178K->299438K(349568K), 0.0861591 secs] 497424K->299438K(506816K), [Metaspace: 2679K->2679K(1056768K)], 0.0863009 secs] [Times: user=0.09 sys=0.00, real=0.09 secs]
2020-10-28T17:32:01.226+0800: [GC (CMS Initial Mark) [1 CMS-initial-mark: 299438K(349568K)] 302464K(506816K), 0.0002210 secs] [Times: user=0.00 sys=0.00, real=0.00 secs]
2020-10-28T17:32:01.226+0800: [CMS-concurrent-mark-start]
2020-10-28T17:32:01.229+0800: [CMS-concurrent-mark: 0.003/0.003 secs] [Times: user=0.00 sys=0.00, real=0.00 secs]
2020-10-28T17:32:01.229+0800: [CMS-concurrent-preclean-start]
2020-10-28T17:32:01.230+0800: [CMS-concurrent-preclean: 0.001/0.001 secs] [Times: user=0.00 sys=0.00, real=0.00 secs]
2020-10-28T17:32:01.230+0800: [CMS-concurrent-abortable-preclean-start]
2020-10-28T17:32:01.253+0800: [GC (Allocation Failure) 2020-10-28T17:32:01.253+0800: [ParNew: 139776K->17471K(157248K), 0.0151124 secs] 439214K->351953K(506816K), 0.0151934 secs] [Times: user=0.11 sys=0.00, real=0.02 secs]
2020-10-28T17:32:01.269+0800: [CMS-concurrent-abortable-preclean: 0.001/0.039 secs] [Times: user=0.14 sys=0.00, real=0.04 secs]
2020-10-28T17:32:01.269+0800: [GC (CMS Final Remark) [YG occupancy: 20283 K (157248 K)]2020-10-28T17:32:01.269+0800: [Rescan (parallel) , 0.0002336 secs]2020-10-28T17:32:01.269+0800: [weak refs processing, 0.0000090 secs]2020-10-28T17:32:01.269+0800: [class unloading, 0.0002722 secs]2020-10-28T17:32:01.269+0800: [scrub symbol table, 0.0004669 secs]2020-10-28T17:32:01.270+0800: [scrub string table, 0.0001502 secs][1 CMS-remark: 334482K(349568K)] 354766K(506816K), 0.0011999 secs] [Times: user=0.00 sys=0.00, real=0.00 secs]
2020-10-28T17:32:01.270+0800: [CMS-concurrent-sweep-start]
2020-10-28T17:32:01.271+0800: [CMS-concurrent-sweep: 0.001/0.001 secs] [Times: user=0.00 sys=0.00, real=0.00 secs]
2020-10-28T17:32:01.271+0800: [CMS-concurrent-reset-start]
2020-10-28T17:32:01.272+0800: [CMS-concurrent-reset: 0.001/0.001 secs] [Times: user=0.00 sys=0.00, real=0.00 secs]
2020-10-28T17:32:01.302+0800: [GC (Allocation Failure) 2020-10-28T17:32:01.302+0800: [ParNew: 157247K->157247K(157248K), 0.0000322 secs]2020-10-28T17:32:01.302+0800: [CMS: 334390K->313997K(349568K), 0.0815792 secs] 491638K->313997K(506816K), [Metaspace: 2679K->2679K(1056768K)], 0.0816884 secs] [Times: user=0.08 sys=0.00, real=0.08 secs]
2020-10-28T17:32:01.384+0800: [GC (CMS Initial Mark) [1 CMS-initial-mark: 313997K(349568K)] 316902K(506816K), 0.0001655 secs] [Times: user=0.00 sys=0.00, real=0.00 secs]
2020-10-28T17:32:01.384+0800: [CMS-concurrent-mark-start]
▒н▒▒▒▒▒▒▒▒▒▒ɶ▒▒▒▒▒▒:7341
Heap
 par new generation   total 157248K, used 5701K [0x00000000e0000000, 0x00000000eaaa0000, 0x00000000eaaa0000)
  eden space 139776K,   4% used [0x00000000e0000000, 0x00000000e0591738, 0x00000000e8880000)
  from space 17472K,   0% used [0x00000000e8880000, 0x00000000e8880000, 0x00000000e9990000)
  to   space 17472K,   0% used [0x00000000e9990000, 0x00000000e9990000, 0x00000000eaaa0000)
 concurrent mark-sweep generation total 349568K, used 313997K [0x00000000eaaa0000, 0x0000000100000000, 0x0000000100000000)
 Metaspace       used 2686K, capacity 4486K, committed 4864K, reserved 1056768K
  class space    used 289K, capacity 386K, committed 512K, reserved 1048576K
end
▒▒▒▒ִ▒▒...
2020-10-28T17:32:21.588+0800: [GC (Allocation Failure) 2020-10-28T17:32:21.588+0800: [ParNew: 139719K->17470K(157248K), 0.0123845 secs] 139719K->42299K(506816K), 0.0127333 secs] [Times: user=0.09 sys=0.03, real=0.01 secs]
2020-10-28T17:32:21.633+0800: [GC (Allocation Failure) 2020-10-28T17:32:21.633+0800: [ParNew: 157246K->17472K(157248K), 0.0198228 secs] 182075K->91250K(506816K), 0.0198788 secs] [Times: user=0.05 sys=0.06, real=0.02 secs]
2020-10-28T17:32:21.685+0800: [GC (Allocation Failure) 2020-10-28T17:32:21.685+0800: [ParNew: 157248K->17472K(157248K), 0.0293506 secs] 231026K->135652K(506816K), 0.0293936 secs] [Times: user=0.11 sys=0.03, real=0.03 secs]
2020-10-28T17:32:21.746+0800: [GC (Allocation Failure) 2020-10-28T17:32:21.746+0800: [ParNew: 156945K->17471K(157248K), 0.0270160 secs] 275125K->178324K(506816K), 0.0270828 secs] [Times: user=0.19 sys=0.00, real=0.03 secs]
2020-10-28T17:32:21.802+0800: [GC (Allocation Failure) 2020-10-28T17:32:21.802+0800: [ParNew: 157247K->17472K(157248K), 0.0315294 secs] 318100K->226488K(506816K), 0.0315903 secs] [Times: user=0.17 sys=0.03, real=0.03 secs]
2020-10-28T17:32:21.834+0800: [GC (CMS Initial Mark) [1 CMS-initial-mark: 209016K(349568K)] 226922K(506816K), 0.0002027 secs] [Times: user=0.00 sys=0.00, real=0.00 secs]
2020-10-28T17:32:21.834+0800: [CMS-concurrent-mark-start]
2020-10-28T17:32:21.836+0800: [CMS-concurrent-mark: 0.002/0.002 secs] [Times: user=0.00 sys=0.00, real=0.00 secs]
2020-10-28T17:32:21.836+0800: [CMS-concurrent-preclean-start]
2020-10-28T17:32:21.837+0800: [CMS-concurrent-preclean: 0.001/0.001 secs] [Times: user=0.00 sys=0.00, real=0.00 secs]
2020-10-28T17:32:21.838+0800: [CMS-concurrent-abortable-preclean-start]
2020-10-28T17:32:21.866+0800: [GC (Allocation Failure) 2020-10-28T17:32:21.866+0800: [ParNew: 157248K->17469K(157248K), 0.0292783 secs] 366264K->270651K(506816K), 0.0293667 secs] [Times: user=0.17 sys=0.03, real=0.03 secs]
2020-10-28T17:32:21.928+0800: [GC (Allocation Failure) 2020-10-28T17:32:21.928+0800: [ParNew: 157245K->17471K(157248K), 0.0315906 secs] 410427K->317334K(506816K), 0.0316620 secs] [Times: user=0.09 sys=0.01, real=0.03 secs]
2020-10-28T17:32:21.996+0800: [GC (Allocation Failure) 2020-10-28T17:32:21.996+0800: [ParNew: 157247K->157247K(157248K), 0.0000305 secs]2020-10-28T17:32:21.996+0800: [CMS2020-10-28T17:32:21.996+0800: [CMS-concurrent-abortable-preclean: 0.004/0.158 secs] [Times: user=0.36 sys=0.05, real=0.16 secs]
 (concurrent mode failure): 299863K->258553K(349568K), 0.0707204 secs] 457110K->258553K(506816K), [Metaspace: 2679K->2679K(1056768K)], 0.0708429 secs] [Times: user=0.08 sys=0.00, real=0.07 secs]
2020-10-28T17:32:22.095+0800: [GC (Allocation Failure) 2020-10-28T17:32:22.095+0800: [ParNew: 139235K->17470K(157248K), 0.0115264 secs] 397788K->301782K(506816K), 0.0115843 secs] [Times: user=0.13 sys=0.00, real=0.01 secs]
2020-10-28T17:32:22.107+0800: [GC (CMS Initial Mark) [1 CMS-initial-mark: 284312K(349568K)] 302473K(506816K), 0.0003124 secs] [Times: user=0.00 sys=0.00, real=0.00 secs]
2020-10-28T17:32:22.107+0800: [CMS-concurrent-mark-start]
2020-10-28T17:32:22.110+0800: [CMS-concurrent-mark: 0.002/0.002 secs] [Times: user=0.00 sys=0.00, real=0.00 secs]
2020-10-28T17:32:22.110+0800: [CMS-concurrent-preclean-start]
2020-10-28T17:32:22.110+0800: [CMS-concurrent-preclean: 0.001/0.001 secs] [Times: user=0.00 sys=0.00, real=0.00 secs]
2020-10-28T17:32:22.110+0800: [CMS-concurrent-abortable-preclean-start]
2020-10-28T17:32:22.135+0800: [GC (Allocation Failure) 2020-10-28T17:32:22.136+0800: [ParNew: 157246K->17470K(157248K), 0.0255620 secs] 441558K->347134K(506816K), 0.0256136 secs] [Times: user=0.20 sys=0.00, real=0.03 secs]
2020-10-28T17:32:22.162+0800: [CMS-concurrent-abortable-preclean: 0.002/0.052 secs] [Times: user=0.23 sys=0.00, real=0.05 secs]
2020-10-28T17:32:22.162+0800: [GC (CMS Final Remark) [YG occupancy: 24941 K (157248 K)]2020-10-28T17:32:22.162+0800: [Rescan (parallel) , 0.0003245 secs]2020-10-28T17:32:22.163+0800: [weak refs processing, 0.0000085 secs]2020-10-28T17:32:22.163+0800: [class unloading, 0.0002436 secs]2020-10-28T17:32:22.163+0800: [scrub symbol table, 0.0003121 secs]2020-10-28T17:32:22.163+0800: [scrub string table, 0.0000912 secs][1 CMS-remark: 329663K(349568K)] 354605K(506816K), 0.0010276 secs] [Times: user=0.00 sys=0.00, real=0.00 secs]
2020-10-28T17:32:22.163+0800: [CMS-concurrent-sweep-start]
2020-10-28T17:32:22.164+0800: [CMS-concurrent-sweep: 0.001/0.001 secs] [Times: user=0.00 sys=0.00, real=0.00 secs]
2020-10-28T17:32:22.164+0800: [CMS-concurrent-reset-start]
2020-10-28T17:32:22.165+0800: [CMS-concurrent-reset: 0.001/0.001 secs] [Times: user=0.00 sys=0.00, real=0.00 secs]
2020-10-28T17:32:22.191+0800: [GC (Allocation Failure) 2020-10-28T17:32:22.191+0800: [ParNew: 156968K->156968K(157248K), 0.0000426 secs]2020-10-28T17:32:22.191+0800: [CMS: 299223K->300858K(349568K), 0.0890265 secs] 456192K->300858K(506816K), [Metaspace: 2679K->2679K(1056768K)], 0.0891541 secs] [Times: user=0.08 sys=0.00, real=0.09 secs]
2020-10-28T17:32:22.281+0800: [GC (CMS Initial Mark) [1 CMS-initial-mark: 300858K(349568K)] 304511K(506816K), 0.0001447 secs] [Times: user=0.00 sys=0.00, real=0.00 secs]
2020-10-28T17:32:22.281+0800: [CMS-concurrent-mark-start]
2020-10-28T17:32:22.283+0800: [CMS-concurrent-mark: 0.002/0.002 secs] [Times: user=0.00 sys=0.00, real=0.00 secs]
2020-10-28T17:32:22.283+0800: [CMS-concurrent-preclean-start]
2020-10-28T17:32:22.284+0800: [CMS-concurrent-preclean: 0.001/0.001 secs] [Times: user=0.03 sys=0.00, real=0.00 secs]
2020-10-28T17:32:22.284+0800: [CMS-concurrent-abortable-preclean-start]
2020-10-28T17:32:22.316+0800: [GC (Allocation Failure) 2020-10-28T17:32:22.316+0800: [ParNew: 139776K->17469K(157248K), 0.0152585 secs] 440634K->349484K(506816K), 0.0153127 secs] [Times: user=0.06 sys=0.02, real=0.02 secs]
2020-10-28T17:32:22.332+0800: [CMS-concurrent-abortable-preclean: 0.001/0.048 secs] [Times: user=0.09 sys=0.02, real=0.05 secs]
2020-10-28T17:32:22.332+0800: [GC (CMS Final Remark) [YG occupancy: 20653 K (157248 K)]2020-10-28T17:32:22.332+0800: [Rescan (parallel) , 0.0002874 secs]2020-10-28T17:32:22.333+0800: [weak refs processing, 0.0000138 secs]2020-10-28T17:32:22.333+0800: [class unloading, 0.0003018 secs]2020-10-28T17:32:22.333+0800: [scrub symbol table, 0.0004637 secs]2020-10-28T17:32:22.333+0800: [scrub string table, 0.0001468 secs][1 CMS-remark: 332014K(349568K)] 352668K(506816K), 0.0012783 secs] [Times: user=0.00 sys=0.00, real=0.00 secs]
2020-10-28T17:32:22.334+0800: [CMS-concurrent-sweep-start]
2020-10-28T17:32:22.334+0800: [CMS-concurrent-sweep: 0.001/0.001 secs] [Times: user=0.00 sys=0.00, real=0.00 secs]
2020-10-28T17:32:22.334+0800: [CMS-concurrent-reset-start]
2020-10-28T17:32:22.335+0800: [CMS-concurrent-reset: 0.001/0.001 secs] [Times: user=0.00 sys=0.00, real=0.00 secs]
2020-10-28T17:32:22.371+0800: [GC (Allocation Failure) 2020-10-28T17:32:22.371+0800: [ParNew: 156869K->156869K(157248K), 0.0000747 secs]2020-10-28T17:32:22.371+0800: [CMS: 331749K->325002K(349568K), 0.0920455 secs] 488619K->325002K(506816K), [Metaspace: 2679K->2679K(1056768K)], 0.0922334 secs] [Times: user=0.09 sys=0.00, real=0.09 secs]
2020-10-28T17:32:22.463+0800: [GC (CMS Initial Mark) [1 CMS-initial-mark: 325002K(349568K)] 325499K(506816K), 0.0002459 secs] [Times: user=0.00 sys=0.00, real=0.00 secs]
2020-10-28T17:32:22.463+0800: [CMS-concurrent-mark-start]
2020-10-28T17:32:22.466+0800: [CMS-concurrent-mark: 0.003/0.003 secs] [Times: user=0.00 sys=0.00, real=0.00 secs]
2020-10-28T17:32:22.466+0800: [CMS-concurrent-preclean-start]
2020-10-28T17:32:22.467+0800: [CMS-concurrent-preclean: 0.001/0.001 secs] [Times: user=0.00 sys=0.00, real=0.00 secs]
2020-10-28T17:32:22.468+0800: [CMS-concurrent-abortable-preclean-start]
2020-10-28T17:32:22.495+0800: [GC (Allocation Failure) 2020-10-28T17:32:22.495+0800: [ParNew: 139776K->139776K(157248K), 0.0000249 secs]2020-10-28T17:32:22.495+0800: [CMS2020-10-28T17:32:22.495+0800: [CMS-concurrent-abortable-preclean: 0.001/0.028 secs] [Times: user=0.03 sys=0.00, real=0.03 secs]
 (concurrent mode failure): 325002K->332974K(349568K), 0.0904373 secs] 464778K->332974K(506816K), [Metaspace: 2679K->2679K(1056768K)], 0.0905453 secs] [Times: user=0.09 sys=0.00, real=0.09 secs]
▒н▒▒▒▒▒▒▒▒▒▒ɶ▒▒▒▒▒▒:7370
Heap
 par new generation   total 157248K, used 6175K [0x00000000e0000000, 0x00000000eaaa0000, 0x00000000eaaa0000)
  eden space 139776K,   4% used [0x00000000e0000000, 0x00000000e0607d98, 0x00000000e8880000)
  from space 17472K,   0% used [0x00000000e8880000, 0x00000000e8880000, 0x00000000e9990000)
  to   space 17472K,   0% used [0x00000000e9990000, 0x00000000e9990000, 0x00000000eaaa0000)
 concurrent mark-sweep generation total 349568K, used 332974K [0x00000000eaaa0000, 0x0000000100000000, 0x0000000100000000)
 Metaspace       used 2686K, capacity 4486K, committed 4864K, reserved 1056768K
  class space    used 289K, capacity 386K, committed 512K, reserved 1048576K
